(program 1.0.0
  [
    [
      {
        (abs
          Tuple2_i0
          (fun (type) (fun (type) (type)))
          (lam
            Tuple2_i0
            (all a_i0 (type) (all b_i0 (type) (fun a_i2 (fun b_i1 [[Tuple2_i4 a_i2] b_i1]))))
            (lam
              Tuple2_match_i0
              (all a_i0 (type) (all b_i0 (type) (fun [[Tuple2_i5 a_i2] b_i1] (all out_Tuple2_i0 (type) (fun (fun a_i3 (fun b_i2 out_Tuple2_i1)) out_Tuple2_i1)))))
              [
                [
                  [
                    {
                      (abs
                        B_i0
                        (fun (type) (type))
                        (lam
                          One_i0
                          (all a_i0 (type) (fun a_i1 [B_i3 a_i1]))
                          (lam
                            Two_i0
                            (all a_i0 (type) (fun [B_i4 [[Tuple2_i7 a_i1] a_i1]] [B_i4 a_i1]))
                            (lam
                              B_match_i0
                              (all a_i0 (type) (fun [B_i5 a_i1] (all out_B_i0 (type) (fun (fun a_i2 out_B_i1) (fun (fun [B_i6 [[Tuple2_i9 a_i2] a_i2]] out_B_i1) out_B_i1)))))
                              [
                                (lam
                                  tup_i0
                                  (all r_i0 (type) (fun (fun (fun (all a_i0 (type) (fun a_i1 a_i1)) (all a_i0 (type) (fun [B_i7 a_i1] [B_i7 [[Tuple2_i10 a_i1] a_i1]]))) r_i1) r_i1))
                                  [
                                    (lam
                                      go_thunked_i0
                                      (fun (all a_i0 (type) (fun a_i1 a_i1)) (all a_i0 (type) (fun [B_i7 a_i1] [B_i7 [[Tuple2_i10 a_i1] a_i1]])))
                                      [
                                        (lam
                                          go_i0
                                          (all a_i0 (type) (fun [B_i8 a_i1] [B_i8 [[Tuple2_i11 a_i1] a_i1]]))
                                          { go_i1 [(con integer) (con 8)] }
                                        )
                                        [
                                          go_thunked_i1
                                          (abs a_i0 (type) (lam x_i0 a_i2 x_i1))
                                        ]
                                      ]
                                    )
                                    [
                                      {
                                        tup_i1
                                        (fun (all a_i0 (type) (fun a_i1 a_i1)) (all a_i0 (type) (fun [B_i6 a_i1] [B_i6 [[Tuple2_i9 a_i1] a_i1]])))
                                      }
                                      (lam
                                        arg_0_i0
                                        (fun (all a_i0 (type) (fun a_i1 a_i1)) (all a_i0 (type) (fun [B_i7 a_i1] [B_i7 [[Tuple2_i10 a_i1] a_i1]])))
                                        arg_0_i1
                                      )
                                    ]
                                  ]
                                )
                                [
                                  {
                                    {
                                      (abs
                                        a_i0
                                        (type)
                                        (abs
                                          b_i0
                                          (type)
                                          (lam
                                            f_i0
                                            (all Q_i0 (type) (fun (fun (fun a_i4 b_i3) Q_i1) (fun (fun a_i4 b_i3) Q_i1)))
                                            [
                                              [
                                                {
                                                  (abs
                                                    F_i0
                                                    (fun (type) (type))
                                                    (lam
                                                      by_i0
                                                      (fun (all Q_i0 (type) (fun [F_i3 Q_i1] Q_i1)) (all Q_i0 (type) (fun [F_i3 Q_i1] Q_i1)))
                                                      [
                                                        {
                                                          {
                                                            (abs
                                                              a_i0
                                                              (type)
                                                              (abs
                                                                b_i0
                                                                (type)
                                                                (lam
                                                                  f_i0
                                                                  (fun (fun a_i3 b_i2) (fun a_i3 b_i2))
                                                                  [
                                                                    {
                                                                      (abs
                                                                        a_i0
                                                                        (type)
                                                                        (lam
                                                                          s_i0
                                                                          [(lam a_i0 (type) (ifix (lam rec_i0 (fun (fun (fun (type) (type)) (type)) (type)) (lam spine_i0 (fun (fun (type) (type)) (type)) [spine_i1 [(lam self_i0 (fun (type) (type)) (lam a_i0 (type) (fun [self_i2 a_i1] a_i1))) (lam a_i0 (type) [rec_i3 (lam dat_i0 (fun (type) (type)) [dat_i1 a_i2])])]])) (lam dat_i0 (fun (type) (type)) [dat_i1 a_i2]))) a_i2]
                                                                          [
                                                                            (unwrap
                                                                              s_i1
                                                                            )
                                                                            s_i1
                                                                          ]
                                                                        )
                                                                      )
                                                                      (fun a_i3 b_i2)
                                                                    }
                                                                    (iwrap
                                                                      (lam rec_i0 (fun (fun (fun (type) (type)) (type)) (type)) (lam spine_i0 (fun (fun (type) (type)) (type)) [spine_i1 [(lam self_i0 (fun (type) (type)) (lam a_i0 (type) (fun [self_i2 a_i1] a_i1))) (lam a_i0 (type) [rec_i3 (lam dat_i0 (fun (type) (type)) [dat_i1 a_i2])])]]))
                                                                      (lam dat_i0 (fun (type) (type)) [dat_i1 (fun a_i4 b_i3)])
                                                                      (lam
                                                                        s_i0
                                                                        [(lam a_i0 (type) (ifix (lam rec_i0 (fun (fun (fun (type) (type)) (type)) (type)) (lam spine_i0 (fun (fun (type) (type)) (type)) [spine_i1 [(lam self_i0 (fun (type) (type)) (lam a_i0 (type) (fun [self_i2 a_i1] a_i1))) (lam a_i0 (type) [rec_i3 (lam dat_i0 (fun (type) (type)) [dat_i1 a_i2])])]])) (lam dat_i0 (fun (type) (type)) [dat_i1 a_i2]))) (fun a_i4 b_i3)]
                                                                        (lam
                                                                          x_i0
                                                                          a_i5
                                                                          [
                                                                            [
                                                                              f_i3
                                                                              [
                                                                                {
                                                                                  (abs
                                                                                    a_i0
                                                                                    (type)
                                                                                    (lam
                                                                                      s_i0
                                                                                      [(lam a_i0 (type) (ifix (lam rec_i0 (fun (fun (fun (type) (type)) (type)) (type)) (lam spine_i0 (fun (fun (type) (type)) (type)) [spine_i1 [(lam self_i0 (fun (type) (type)) (lam a_i0 (type) (fun [self_i2 a_i1] a_i1))) (lam a_i0 (type) [rec_i3 (lam dat_i0 (fun (type) (type)) [dat_i1 a_i2])])]])) (lam dat_i0 (fun (type) (type)) [dat_i1 a_i2]))) a_i2]
                                                                                      [
                                                                                        (unwrap
                                                                                          s_i1
                                                                                        )
                                                                                        s_i1
                                                                                      ]
                                                                                    )
                                                                                  )
                                                                                  (fun a_i5 b_i4)
                                                                                }
                                                                                s_i2
                                                                              ]
                                                                            ]
                                                                            x_i1
                                                                          ]
                                                                        )
                                                                      )
                                                                    )
                                                                  ]
                                                                )
                                                              )
                                                            )
                                                            (all Q_i0 (type) (fun [F_i3 Q_i1] [F_i3 Q_i1]))
                                                          }
                                                          (all Q_i0 (type) (fun [F_i3 Q_i1] Q_i1))
                                                        }
                                                        (lam
                                                          rec_i0
                                                          (fun (all Q_i0 (type) (fun [F_i4 Q_i1] [F_i4 Q_i1])) (all Q_i0 (type) (fun [F_i4 Q_i1] Q_i1)))
                                                          (lam
                                                            h_i0
                                                            (all Q_i0 (type) (fun [F_i5 Q_i1] [F_i5 Q_i1]))
                                                            (abs
                                                              R_i0
                                                              (type)
                                                              (lam
                                                                fr_i0
                                                                [F_i6 R_i2]
                                                                [
                                                                  {
                                                                    [
                                                                      by_i5
                                                                      (abs
                                                                        Q_i0
                                                                        (type)
                                                                        (lam
                                                                          fq_i0
                                                                          [F_i8 Q_i2]
                                                                          [
                                                                            {
                                                                              [
                                                                                rec_i6
                                                                                h_i5
                                                                              ]
                                                                              Q_i2
                                                                            }
                                                                            [
                                                                              {
                                                                                h_i5
                                                                                Q_i2
                                                                              }
                                                                              fq_i1
                                                                            ]
                                                                          ]
                                                                        )
                                                                      )
                                                                    ]
                                                                    R_i2
                                                                  }
                                                                  fr_i1
                                                                ]
                                                              )
                                                            )
                                                          )
                                                        )
                                                      ]
                                                    )
                                                  )
                                                  (lam X_i0 (type) (fun (fun a_i4 b_i3) X_i1))
                                                }
                                                (lam
                                                  k_i0
                                                  (all Q_i0 (type) (fun (fun (fun a_i5 b_i4) Q_i1) Q_i1))
                                                  (abs
                                                    S_i0
                                                    (type)
                                                    (lam
                                                      h_i0
                                                      (fun (fun a_i6 b_i5) S_i2)
                                                      [
                                                        h_i1
                                                        (lam
                                                          x_i0
                                                          a_i7
                                                          [
                                                            { k_i4 b_i6 }
                                                            (lam
                                                              f_0_i0
                                                              (fun a_i8 b_i7)
                                                              [ f_0_i1 x_i2 ]
                                                            )
                                                          ]
                                                        )
                                                      ]
                                                    )
                                                  )
                                                )
                                              ]
                                              f_i1
                                            ]
                                          )
                                        )
                                      )
                                      (all a_i0 (type) (fun a_i1 a_i1))
                                    }
                                    (all a_i0 (type) (fun [B_i5 a_i1] [B_i5 [[Tuple2_i8 a_i1] a_i1]]))
                                  }
                                  (abs
                                    Q_i0
                                    (type)
                                    (lam
                                      choose_i0
                                      (fun (fun (all a_i0 (type) (fun a_i1 a_i1)) (all a_i0 (type) (fun [B_i7 a_i1] [B_i7 [[Tuple2_i10 a_i1] a_i1]]))) Q_i2)
                                      (lam
                                        go_thunked_i0
                                        (fun (all a_i0 (type) (fun a_i1 a_i1)) (all a_i0 (type) (fun [B_i8 a_i1] [B_i8 [[Tuple2_i11 a_i1] a_i1]])))
                                        [
                                          choose_i2
                                          (lam
                                            arg_i0
                                            (all a_i0 (type) (fun a_i1 a_i1))
                                            (abs
                                              a_i0
                                              (type)
                                              (lam
                                                ds_i0
                                                [B_i10 a_i2]
                                                [
                                                  [
                                                    {
                                                      [
                                                        { B_match_i7 a_i2 }
                                                        ds_i1
                                                      ]
                                                      [B_i10 [[Tuple2_i13 a_i2] a_i2]]
                                                    }
                                                    (lam
                                                      x_i0
                                                      a_i3
                                                      [
                                                        {
                                                          One_i10
                                                          [[Tuple2_i14 a_i3] a_i3]
                                                        }
                                                        [
                                                          [
                                                            {
                                                              {
                                                                Tuple2_i13 a_i3
                                                              }
                                                              a_i3
                                                            }
                                                            x_i1
                                                          ]
                                                          x_i1
                                                        ]
                                                      ]
                                                    )
                                                  ]
                                                  (lam
                                                    b_i0
                                                    [B_i11 [[Tuple2_i14 a_i3] a_i3]]
                                                    [
                                                      {
                                                        Two_i9
                                                        [[Tuple2_i14 a_i3] a_i3]
                                                      }
                                                      [
                                                        {
                                                          [
                                                            go_thunked_i5
                                                            (abs
                                                              a_i0
                                                              (type)
                                                              (lam
                                                                x_i0 a_i2 x_i1
                                                              )
                                                            )
                                                          ]
                                                          [[Tuple2_i14 a_i3] a_i3]
                                                        }
                                                        b_i1
                                                      ]
                                                    ]
                                                  )
                                                ]
                                              )
                                            )
                                          )
                                        ]
                                      )
                                    )
                                  )
                                ]
                              ]
                            )
                          )
                        )
                      )
                      (lam a_i0 (type) (ifix (lam rec_i0 (fun (fun (fun (type) (type)) (type)) (type)) (lam spine_i0 (fun (fun (type) (type)) (type)) [spine_i1 [(lam B_i0 (fun (type) (type)) (lam a_i0 (type) (all out_B_i0 (type) (fun (fun a_i2 out_B_i1) (fun (fun [B_i3 [[Tuple2_i9 a_i2] a_i2]] out_B_i1) out_B_i1))))) (lam a_i0 (type) [rec_i3 (lam dat_i0 (fun (type) (type)) [dat_i1 a_i2])])]])) (lam dat_i0 (fun (type) (type)) [dat_i1 a_i2])))
                    }
                    (abs
                      a_i0
                      (type)
                      (lam
                        arg_0_i0
                        a_i2
                        (iwrap
                          (lam rec_i0 (fun (fun (fun (type) (type)) (type)) (type)) (lam spine_i0 (fun (fun (type) (type)) (type)) [spine_i1 [(lam B_i0 (fun (type) (type)) (lam a_i0 (type) (all out_B_i0 (type) (fun (fun a_i2 out_B_i1) (fun (fun [B_i3 [[Tuple2_i10 a_i2] a_i2]] out_B_i1) out_B_i1))))) (lam a_i0 (type) [rec_i3 (lam dat_i0 (fun (type) (type)) [dat_i1 a_i2])])]]))
                          (lam dat_i0 (fun (type) (type)) [dat_i1 a_i3])
                          (abs
                            out_B_i0
                            (type)
                            (lam
                              case_One_i0
                              (fun a_i4 out_B_i2)
                              (lam
                                case_Two_i0
                                (fun [(lam a_i0 (type) (ifix (lam rec_i0 (fun (fun (fun (type) (type)) (type)) (type)) (lam spine_i0 (fun (fun (type) (type)) (type)) [spine_i1 [(lam B_i0 (fun (type) (type)) (lam a_i0 (type) (all out_B_i0 (type) (fun (fun a_i2 out_B_i1) (fun (fun [B_i3 [[Tuple2_i14 a_i2] a_i2]] out_B_i1) out_B_i1))))) (lam a_i0 (type) [rec_i3 (lam dat_i0 (fun (type) (type)) [dat_i1 a_i2])])]])) (lam dat_i0 (fun (type) (type)) [dat_i1 a_i2]))) [[Tuple2_i8 a_i5] a_i5]] out_B_i3)
                                [ case_One_i2 arg_0_i4 ]
                              )
                            )
                          )
                        )
                      )
                    )
                  ]
                  (abs
                    a_i0
                    (type)
                    (lam
                      arg_0_i0
                      [(lam a_i0 (type) (ifix (lam rec_i0 (fun (fun (fun (type) (type)) (type)) (type)) (lam spine_i0 (fun (fun (type) (type)) (type)) [spine_i1 [(lam B_i0 (fun (type) (type)) (lam a_i0 (type) (all out_B_i0 (type) (fun (fun a_i2 out_B_i1) (fun (fun [B_i3 [[Tuple2_i11 a_i2] a_i2]] out_B_i1) out_B_i1))))) (lam a_i0 (type) [rec_i3 (lam dat_i0 (fun (type) (type)) [dat_i1 a_i2])])]])) (lam dat_i0 (fun (type) (type)) [dat_i1 a_i2]))) [[Tuple2_i5 a_i2] a_i2]]
                      (iwrap
                        (lam rec_i0 (fun (fun (fun (type) (type)) (type)) (type)) (lam spine_i0 (fun (fun (type) (type)) (type)) [spine_i1 [(lam B_i0 (fun (type) (type)) (lam a_i0 (type) (all out_B_i0 (type) (fun (fun a_i2 out_B_i1) (fun (fun [B_i3 [[Tuple2_i10 a_i2] a_i2]] out_B_i1) out_B_i1))))) (lam a_i0 (type) [rec_i3 (lam dat_i0 (fun (type) (type)) [dat_i1 a_i2])])]]))
                        (lam dat_i0 (fun (type) (type)) [dat_i1 a_i3])
                        (abs
                          out_B_i0
                          (type)
                          (lam
                            case_One_i0
                            (fun a_i4 out_B_i2)
                            (lam
                              case_Two_i0
                              (fun [(lam a_i0 (type) (ifix (lam rec_i0 (fun (fun (fun (type) (type)) (type)) (type)) (lam spine_i0 (fun (fun (type) (type)) (type)) [spine_i1 [(lam B_i0 (fun (type) (type)) (lam a_i0 (type) (all out_B_i0 (type) (fun (fun a_i2 out_B_i1) (fun (fun [B_i3 [[Tuple2_i14 a_i2] a_i2]] out_B_i1) out_B_i1))))) (lam a_i0 (type) [rec_i3 (lam dat_i0 (fun (type) (type)) [dat_i1 a_i2])])]])) (lam dat_i0 (fun (type) (type)) [dat_i1 a_i2]))) [[Tuple2_i8 a_i5] a_i5]] out_B_i3)
                              [ case_Two_i1 arg_0_i4 ]
                            )
                          )
                        )
                      )
                    )
                  )
                ]
                (abs
                  a_i0
                  (type)
                  (lam
                    x_i0
                    [(lam a_i0 (type) (ifix (lam rec_i0 (fun (fun (fun (type) (type)) (type)) (type)) (lam spine_i0 (fun (fun (type) (type)) (type)) [spine_i1 [(lam B_i0 (fun (type) (type)) (lam a_i0 (type) (all out_B_i0 (type) (fun (fun a_i2 out_B_i1) (fun (fun [B_i3 [[Tuple2_i11 a_i2] a_i2]] out_B_i1) out_B_i1))))) (lam a_i0 (type) [rec_i3 (lam dat_i0 (fun (type) (type)) [dat_i1 a_i2])])]])) (lam dat_i0 (fun (type) (type)) [dat_i1 a_i2]))) a_i2]
                    (unwrap x_i1)
                  )
                )
              ]
            )
          )
        )
        (lam a_i0 (type) (lam b_i0 (type) (all out_Tuple2_i0 (type) (fun (fun a_i3 (fun b_i2 out_Tuple2_i1)) out_Tuple2_i1))))
      }
      (abs
        a_i0
        (type)
        (abs
          b_i0
          (type)
          (lam
            arg_0_i0
            a_i3
            (lam
              arg_1_i0
              b_i3
              (abs
                out_Tuple2_i0
                (type)
                (lam
                  case_Tuple2_i0
                  (fun a_i6 (fun b_i5 out_Tuple2_i2))
                  [ [ case_Tuple2_i1 arg_0_i4 ] arg_1_i3 ]
                )
              )
            )
          )
        )
      )
    ]
    (abs
      a_i0
      (type)
      (abs
        b_i0
        (type)
        (lam
          x_i0
          [[(lam a_i0 (type) (lam b_i0 (type) (all out_Tuple2_i0 (type) (fun (fun a_i3 (fun b_i2 out_Tuple2_i1)) out_Tuple2_i1)))) a_i3] b_i2]
          x_i1
        )
      )
    )
  ]
)